[backblue.gif]
[fade.gif]
[index.html]
[maxcdn.bootstrapcdn.com/bootstrap/3.3.7/css/bootstrap.min.css]
[maxcdn.bootstrapcdn.com/bootstrap/3.3.7/js/bootstrap.min.js]
[sifuerapresidente.co/assets/favicon-5887fe4d4503a621a44aa11c1246dbdb4e405be6982e6264f0d3eae03008c8ce.png]
[sifuerapresidente.co/assets/png para landing-18-365d41b9fe7b242dba2f25a156cdc57ba54b87fbbe1ffded1d1ef6a84f89fe95.png]
[sifuerapresidente.co/assets/seamos-logo-6a0b198033522047c4ef5c9e9237489bf23c95ebcb62fbbe7ba4f6c9df3b1ae4.png]
[sifuerapresidente.co/assets/change-logo-d7e541c36d118fd6b68075ecd28104e4a573bfcef3d8b1aa3690318588d4bc2c.png]
[sifuerapresidente.co/assets/application-e7988067fe15611c7ae82225c3768b7837cf0ecbe06fb084ebf25a5a5ae3de72.css]
[si-yo-fuera-presidente.s3.amazonaws.com/uploads/proposal/carousel_image_desktop/1/slide-3.png]
[si-yo-fuera-presidente.s3.amazonaws.com/uploads/proposal/carousel_image_mobile/1/slide-3-mobile.png]
[si-yo-fuera-presidente.s3.amazonaws.com/uploads/proposal/carousel_image_desktop/4/slide-2.png]
[si-yo-fuera-presidente.s3.amazonaws.com/uploads/proposal/carousel_image_mobile/4/slide-2-mobile.png]
[si-yo-fuera-presidente.s3.amazonaws.com/uploads/proposal/carousel_image_desktop/6/slide-4.png]
[si-yo-fuera-presidente.s3.amazonaws.com/uploads/proposal/carousel_image_mobile/6/slide-4-mobile.png]
[sifuerapresidente.co/assets/application-81f39f5a7bfab4721c4c60984ebb6c0ed75e4ba40281b8352e5ca255f9576fb8.js]
[sifuerapresidente.co/assets/total_signatures-c38b91a13fddd58fab4cb9996ef2c23b67a9c616ea560912f18028dd80b927ac.png]
[si-yo-fuera-presidente.s3.amazonaws.com/uploads/user/user_image/18/Captura_de_pantalla_2018-04-02_a_las_16.29.07.png]
[si-yo-fuera-presidente.s3.amazonaws.com/uploads/user/user_image/6/Duque_BN.jpg]
[sifuerapresidente.co/assets/para mockup 2-01-e462335f2e0e8669b9a2606faff05dd591c9431c603c0937139c3e87a9e0d4e8.png]
[sifuerapresidente.co/assets/para mockup 2-02-a75394081d9e4ce5a7a386a95eac2e4e45fec250abfcf97a61bd8392b0fec1ab.png]
[sifuerapresidente.co/assets/para mockup 2-03-90249454bb81d28de5d5e09813cf63253c02bc1fbb15b906b357235e6be7d0a1.png]
[static.change.org/product/embeds/v1/change-embeds.js]
[si-yo-fuera-presidente.s3.amazonaws.com/uploads/user/user_image/10/DeLaCalle.jpg]
[sifuerapresidente.co/index.html]
[maxcdn.bootstrapcdn.com/bootstrap/3.3.7/css/bootstrap.min.css]
[sifuerapresidente.co/assets/bootstrap/glyphicons-halflings-regular-13634da87d9e23f8c3ed9108ce1724d183a39ad072e73e1b3d8cbf646d2d0407.eot]
[sifuerapresidente.co/assets/bootstrap/glyphicons-halflings-regular-fe185d11a49676890d47bb783312a0cda5a44c4039214094e7957b4c040ef11c.woff2]
[sifuerapresidente.co/assets/bootstrap/glyphicons-halflings-regular-13634da87d9e23f8c3ed9108ce1724d183a39ad072e73e1b3d8cbf646d2d0407d41d.eot]
[sifuerapresidente.co/assets/bootstrap/glyphicons-halflings-regular-a26394f7ede100ca118eff2eda08596275a9839b959c226e15439557a5a80742.woff]
[sifuerapresidente.co/assets/bootstrap/glyphicons-halflings-regular-e395044093757d82afcb138957d06a1ea9361bdcf0b442d06a18a8051af57456.ttf]
[sifuerapresidente.co/assets/font-awesome/fontawesome-webfont-7bfcab6db99d5cfbf1705ca0536ddc78585432cc5fa41bbd7ad0f009033b29793e6e.eot]
[sifuerapresidente.co/assets/font-awesome/fontawesome-webfont-2adefcbc041e7d18fcf2d417879dc5a09997aa64d675b7a3c4b6ce33da13f3fe3e6e.woff2]
[sifuerapresidente.co/assets/font-awesome/fontawesome-webfont-ba0c59deb5450f5cb41b3f93609ee2d0d995415877ddfa223e8a8a7533474f073e6e.woff]
[sifuerapresidente.co/assets/font-awesome/fontawesome-webfont-aa58f33f239a0fb02f5c7a6c45c043d7a9ac9a093335806694ecd6d4edc0d6a83e6e.ttf]
[sifuerapresidente.co/assets/Logoseamos_change-5e6e421fab38c376f2cab33746a46d26fdca4a8ae13c92ed7cc2169ce0136a8d.png]
[sifuerapresidente.co/assets/RobotoCondensed-f577cbb36e57c9bc206fc851988e075f3fedb52c2e0a3a4313f9f3f08a5305d1.woff]
[sifuerapresidente.co/assets/GothamRndMedium-a040768f5be874cee55e02b92f8f8d4ffd4d77fb9eacd9aea0dc9e358cc00527.otf]
[sifuerapresidente.co/assets/HKNovaBold-4e3cd3c5014e36f2ab0d9db54db1143fa2cb4e88f5b98fa460885c123cc5cb2b.otf]
[sifuerapresidente.co/assets/HKNovaRegular-0753755541e5fe4271f8bfee4fbe05624273bead1700c550c7a968422c0afc9f.otf]
[sifuerapresidente.co/assets/RobotoRegular-16466ef65064e6f3885a6d2806b8949ac1ac38b524dd0cf8fc96565eb4cc28e8.ttf]
[sifuerapresidente.co/assets/RobotoBold-24571503140760240924dcd1238f77e7cd0454c0d8b0793990cefa2fad71471f.ttf]
[sifuerapresidente.co/assets/notification-aafda4d34b108e3be75ba31f94bacdc4bc8ee1aa9f2db84a72b1a855e296ea661878.eot]
[sifuerapresidente.co/assets/notification-aafda4d34b108e3be75ba31f94bacdc4bc8ee1aa9f2db84a72b1a855e296ea66d41d.eot]
[sifuerapresidente.co/assets/notification-9be2e6a1e84ad219d1a98d85b57ae9650337934de6642a326105dcea5dedb0151878.woff]
[sifuerapresidente.co/assets/notification-75264755a1dc7008e53f472919550f05eebf3b6c0eaec5ea70b676f9111917951878.ttf]
[sifuerapresidente.co/assets/steelfish-rg-61d4fc71c373d3191902e211e337d7e1e94f7c8c3a82abd29437341c0a4ece83.ttf]
[sifuerapresidente.co/assets/facebook-share-icon-baccb60ecb942d1133292ee09bd9e584ed0eb4643056a5ead0d7d55f4ebcd08a.png]
[sifuerapresidente.co/assets/twitter-share-icon-34df0de5b9ce74ba7eacc7605306446768a171b65a8c099045006a74da993868.png]
[sifuerapresidente.co/assets/terms-e6971155500a29be7da5917d6b1a9e04b6f96194d840dc6e14e936acf8a45791.png]
[sifuerapresidente.co/assets/application-e7988067fe15611c7ae82225c3768b7837cf0ecbe06fb084ebf25a5a5ae3de72.css]
[si-yo-fuera-presidente.s3.amazonaws.com/uploads/user/user_image/16/Trujillo.jpg]
[si-yo-fuera-presidente.s3.amazonaws.com/uploads/vp_formula/photo/8/FREDY_OBANDO.png]
[sifuerapresidente.co/assets/para mockup 2-18-a1f7b21ac56681328e1b944b3b9362f309113d6caa7450341b9c5b072f5ffacb.png]
[si-yo-fuera-presidente.s3.amazonaws.com/uploads/vp_formula/photo/1/vice_PETRO_ANGELA_MARIA_ROBLEDO.png]
[si-yo-fuera-presidente.s3.amazonaws.com/uploads/user/user_image/4/Vargas_LLeras_BN.jpg]
[si-yo-fuera-presidente.s3.amazonaws.com/uploads/vp_formula/photo/6/BNvice_vargas_lleras_Juan_Carlos_Pinz_n.png]
[si-yo-fuera-presidente.s3.amazonaws.com/uploads/vp_formula/photo/3/VICE_DE_LA_CALLE_CLARA_LOPEZ.png]
[si-yo-fuera-presidente.s3.amazonaws.com/uploads/vp_formula/photo/2/BNvice_DUQUE_MARTHA_LUCIA_RAMIREZ.png]
[si-yo-fuera-presidente.s3.amazonaws.com/uploads/user/user_image/19/fajardo.png]
[si-yo-fuera-presidente.s3.amazonaws.com/uploads/vp_formula/photo/9/CLAUDIA_LOPEZ.png]
[sifuerapresidente.co/candidates.html]
[si-yo-fuera-presidente.s3.amazonaws.com/uploads/organization/logotype/24/TNI-new-logo.png]
[si-yo-fuera-presidente.s3.amazonaws.com/uploads/organization/logotype/18/Fescol.png]
[si-yo-fuera-presidente.s3.amazonaws.com/uploads/organization/logotype/23/Logo_temblores.jpg]
[si-yo-fuera-presidente.s3.amazonaws.com/uploads/organization/logotype/6/todos_por_la_educacio_n.png]
[si-yo-fuera-presidente.s3.amazonaws.com/uploads/organization/logotype/9/comite-ambiental-1X1-e1514421137846.png]
[si-yo-fuera-presidente.s3.amazonaws.com/uploads/organization/logotype/16/ATS.jpg]
[si-yo-fuera-presidente.s3.amazonaws.com/uploads/organization/logotype/13/salud_de_los_pueblos.png]
[si-yo-fuera-presidente.s3.amazonaws.com/uploads/organization/logotype/3/justicia_tributaria_logo_header-e1487263389887.png]
[si-yo-fuera-presidente.s3.amazonaws.com/uploads/organization/logotype/22/LOGO_SISMA.png]
[si-yo-fuera-presidente.s3.amazonaws.com/uploads/organization/logotype/4/mosodic.jpg]
[si-yo-fuera-presidente.s3.amazonaws.com/uploads/organization/logotype/1/logoaltoexp222.png]
[si-yo-fuera-presidente.s3.amazonaws.com/uploads/organization/logotype/20/Logo_Dejusticia.png]
[si-yo-fuera-presidente.s3.amazonaws.com/uploads/organization/logotype/8/redmocracia.png]
[si-yo-fuera-presidente.s3.amazonaws.com/uploads/organization/logotype/2/USO.jpg]
[si-yo-fuera-presidente.s3.amazonaws.com/uploads/organization/logotype/14/PIMP_colombia.png]
[si-yo-fuera-presidente.s3.amazonaws.com/uploads/organization/logotype/17/CPAT.png]
[si-yo-fuera-presidente.s3.amazonaws.com/uploads/organization/logotype/5/declaraciones_juradas.png]
[si-yo-fuera-presidente.s3.amazonaws.com/uploads/organization/logotype/19/humanas_colombia.png]
[si-yo-fuera-presidente.s3.amazonaws.com/uploads/organization/logotype/21/Logo_oscuro_Elementa.png]
[si-yo-fuera-presidente.s3.amazonaws.com/uploads/organization/logotype/15/MAISA.png]
[si-yo-fuera-presidente.s3.amazonaws.com/uploads/organization/logotype/11/meraki.jpg]
[si-yo-fuera-presidente.s3.amazonaws.com/uploads/organization/logotype/12/Ecoworks-Fondo-300x181.png]
[si-yo-fuera-presidente.s3.amazonaws.com/uploads/organization/logotype/10/Logo_Preserva_retina.png]
[sifuerapresidente.co/organizations.html]
[si-yo-fuera-presidente.s3.amazonaws.com/uploads/party/logo/7/colombiahumanalogo-negro-300x155.png]
[sifuerapresidente.co/candidates/18.html]
[si-yo-fuera-presidente.s3.amazonaws.com/uploads/party/logo/6/centro_democratico.png]
[sifuerapresidente.co/candidates/6.html]
[si-yo-fuera-presidente.s3.amazonaws.com/uploads/party/logo/4/partido-liberal.png]
[sifuerapresidente.co/candidates/10.html]
[sifuerapresidente.co/index4658.html]
[sifuerapresidente.co/index9ba9.html]
[sifuerapresidente.co/indexfdb0.html]
[sifuerapresidente.co/indexaf4d.html]
[sifuerapresidente.co/indexc575.html]
[sifuerapresidente.co/terms.html]
[sifuerapresidente.co/users/sign_in.html]
[sifuerapresidente.co/assets/bootstrap/glyphicons-halflings-regular-42f60659d265c1a3c30f9fa42abcbb56bd4a53af4d83d316d6dd7a36903c43e5.svg]
[sifuerapresidente.co/assets/social-share-button/twitter-7b64ce0117a85c5d52ed45c27707af61d9b0e0d590284baa287cfe87867b9ae1.svg]
[sifuerapresidente.co/assets/social-share-button/facebook-03210e1663ee772e93ed5d344cdb36657b68342821aaebe982f2f984915990b3.svg]
[sifuerapresidente.co/assets/social-share-button/google_bookmark-bb4c960c0421cb7dce602d10e744692bcc1c54f323410f4965d508f96e2255ce.svg]
[sifuerapresidente.co/assets/social-share-button/google_plus-50c049fbb29cd3346f1bf9349017b644bcd00a53b56bd156728850f57bd85c0a.svg]
[sifuerapresidente.co/assets/social-share-button/weibo-a345a6ca554e6f388da9eb35746bb0425cb018c16408ba82852c66d375245d6f.svg]
[sifuerapresidente.co/assets/social-share-button/qq-4dbae8223fc7823f6d73bc7fbe113eb894f4c174ec3ae93103ca382c78a2bf67.svg]
[sifuerapresidente.co/assets/social-share-button/delicious-0c55f72f821aae5352691f13eb64bf3435573e2169d0720477ed367b2f1ed28e.svg]
[sifuerapresidente.co/assets/social-share-button/linkedin-b7fd42895b291003c444a9c2acf867ea813671e0b725a5d7c05dbb13f5c0fdd3.svg]
[sifuerapresidente.co/assets/social-share-button/tumblr-330a37f93cce7c27a750188d0bfdbed3a22f566b807e64d21131dcdc94e08ec3.svg]
[sifuerapresidente.co/assets/social-share-button/pinterest-86203d156197cce4087fee058b920d275c535df5fd59d8caa83da0ef41d1ec7f.svg]
[sifuerapresidente.co/assets/social-share-button/douban-46298c27e3bc6d59951c0bbc464339a5ba1b44e3b25b571874f1baacd7af2495.svg]
[sifuerapresidente.co/assets/social-share-button/wechat-d8852cc3396a7a53eba39595d2e9f638c93a34ab1a0f41bae4ff391b63815f56.svg]
[sifuerapresidente.co/assets/social-share-button/vkontakte-0c2b68277fade991d74efcbdb6f7b359a35e65156cbada9625a3fe8f73151c14.svg]
[sifuerapresidente.co/assets/social-share-button/odnoklassniki-579bf782bd70fe94748254cac2c8c3dc150cceb0d2a143399e3062246b5ecb39.svg]
[sifuerapresidente.co/assets/social-share-button/xing-0ebccb4042c8c7220e471c4f569df2bf27da227db425525819b6848c86a1603e.svg]
[sifuerapresidente.co/assets/social-share-button/email-7067143cbe69d9d8cf25e67fda1a315d133c2b79074a09088bd712cc5c81135d.svg]
[sifuerapresidente.co/assets/social-share-button/reddit-730429c239b6990b67d0d4aaaeb6e9fe48c62267f889a412e81f5f1066ec625f.svg]
[sifuerapresidente.co/assets/social-share-button/hacker_news-d89b13fec49355a787389a776f2e03a0a38314abf93777b8865f8c5f146eaf8d.svg]
[sifuerapresidente.co/assets/social-share-button/telegram-a6b5607917f3e3efbcf35c3ed43356b05622fcfc533d2fbf5066621b78c1dbe4.svg]
[sifuerapresidente.co/assets/font-awesome/fontawesome-webfont-ad6157926c1622ba4e1d03d478f1541368524bfc46f51e42fe0d945f7ef323e43e6e.svg]
[sifuerapresidente.co/assets/notification-981e2c5d6f4c74fd2dce1a1d193e771e533d86f5870014ffb27cd5c3a5f00ba51878.svg]
[si-yo-fuera-presidente.s3.amazonaws.com/uploads/party/logo/15/Partido_Todos_somos_Colombia.png]
[sifuerapresidente.co/candidates/16.html]
[sifuerapresidente.co/candidates/modal/16.html]
[sifuerapresidente.co/candidates/modal/18.html]
[si-yo-fuera-presidente.s3.amazonaws.com/uploads/party/logo/8/mejorvargaslleras.png]
[sifuerapresidente.co/candidates/4.html]
[sifuerapresidente.co/candidates/modal/4.html]
[sifuerapresidente.co/candidates/modal/10.html]
[sifuerapresidente.co/candidates/modal/6.html]
[si-yo-fuera-presidente.s3.amazonaws.com/uploads/party/logo/12/compromiso_ciudadano.jpg]
[sifuerapresidente.co/candidates/19.html]
[sifuerapresidente.co/candidates/modal/19.html]
[sifuerapresidente.co/candidates/184658.html]
[sifuerapresidente.co/candidates/189ba9.html]
[sifuerapresidente.co/candidates/18fdb0.html]
[sifuerapresidente.co/candidates/104658.html]
[sifuerapresidente.co/candidates/109ba9.html]
[sifuerapresidente.co/index2679.html]
[sifuerapresidente.co/users/sign_up.html]
[sifuerapresidente.co/assets/social-share-button/twitter.html]
[sifuerapresidente.co/assets/social-share-button/hacker_news.html]
[sifuerapresidente.co/candidates/182679.html]
[sifuerapresidente.co/candidates/102679.html]
